<html>
<body>
<pre>
<h1>礦ision Build Log</h1>
<h2>Tool Versions:</h2>
IDE-Version: μVision V5.39.0.0
Copyright (C) 2023 ARM Ltd and ARM Germany GmbH. All rights reserved.
License Information: sdf 3442956217@qq.com, sdf, LIC=X96CK-ZG806-DYPV3-AVHT4-9QM6M-Y509Y
 
Tool Versions:
Toolchain:       MDK-ARM Plus  Version: 5.39.0.0
Toolchain Path:  C:\Keil_v5\ARM\ARMCC\Bin
C Compiler:      Armcc.exe V5.06 update 7 (build 960)
Assembler:       Armasm.exe V5.06 update 7 (build 960)
Linker/Locator:  ArmLink.exe V5.06 update 7 (build 960)
Library Manager: ArmAr.exe V5.06 update 7 (build 960)
Hex Converter:   FromElf.exe V5.06 update 7 (build 960)
CPU DLL:         SARMCM3.DLL V5.39.0.0
Dialog DLL:      DCM.DLL V1.17.5.0
Target DLL:      CMSIS_AGDI.dll V1.33.16.0
Dialog DLL:      TCM.DLL V1.56.4.0
 
<h2>Project:</h2>
E:\专业课\嵌入式综合实训\嵌入式实训-源代码更正\手机WIFI无线APP调试\MDK-ARM\demo.uvprojx
Project File Date:  06/08/2026

<h2>Output:</h2>
*** Using Compiler 'V5.06 update 7 (build 960)', folder: 'C:\Keil_v5\ARM\ARMCC\Bin'
Rebuild target 'demo'
assembling startup_stm32f103xb.s...
compiling usart.c...
compiling gpio.c...
compiling stm32f1xx_hal_tim.c...
compiling stm32f1xx_it.c...
compiling stm32f1xx_hal_tim_ex.c...
compiling stm32f1xx_hal_cortex.c...
compiling stm32f1xx_hal_gpio_ex.c...
compiling main.c...
../Core/Src/main.c(311): warning:  #188-D: enumerated type mixed with another type
              HAL_GPIO_WritePin(LED1_GPIO_Port,LED1_Pin,0);
../Core/Src/main.c(316): warning:  #188-D: enumerated type mixed with another type
              HAL_GPIO_WritePin(LED1_GPIO_Port,LED1_Pin,1);
../Core/Src/main.c(326): warning:  #188-D: enumerated type mixed with another type
              HAL_GPIO_WritePin(LED2_GPIO_Port,LED2_Pin,0);
../Core/Src/main.c(331): warning:  #188-D: enumerated type mixed with another type
              HAL_GPIO_WritePin(LED2_GPIO_Port,LED2_Pin,1);
../Core/Src/main.c(114): warning:  #177-D: variable "Speed_L"  was declared but never referenced
      int Speed_L,Speed_R;
../Core/Src/main.c(114): warning:  #177-D: variable "Speed_R"  was declared but never referenced
      int Speed_L,Speed_R;
../Core/Src/main.c(116): warning:  #177-D: variable "dataPtr"  was declared but never referenced
      char *dataPtr = NULL;
../Core/Src/main.c(118): warning:  #550-D: variable "num"  was set but never used
      int num = 0;
../Core/Src/main.c(189): warning:  #550-D: variable "uart_recv_flag"  was set but never used
      uint8_t uart_recv_flag = 0;
../Core/Src/main.c: 9 warnings, 0 errors
compiling stm32f1xx_hal_gpio.c...
compiling stm32f1xx_hal_rcc_ex.c...
compiling stm32f1xx_hal_msp.c...
compiling stm32f1xx_hal.c...
compiling stm32f1xx_hal_dma.c...
compiling stm32f1xx_hal_uart.c...
compiling stm32f1xx_hal_rcc.c...
compiling stm32f1xx_hal_pwr.c...
compiling stm32f1xx_hal_flash_ex.c...
compiling stm32f1xx_hal_exti.c...
compiling system_stm32f1xx.c...
compiling stm32f1xx_hal_flash.c...
compiling uart.c...
compiling LED.c...
linking...
Program Size: Code=9332 RO-data=292 RW-data=28 ZI-data=1292  
FromELF: creating hex file...
"demo\demo.axf" - 0 Error(s), 9 Warning(s).

<h2>Software Packages used:</h2>

Package Vendor: ARM
                http://www.keil.com/pack/ARM.CMSIS.5.9.0.pack
                ARM::CMSIS@5.9.0
                CMSIS (Common Microcontroller Software Interface Standard)
   * Component: CORE Version: 5.6.0

Package Vendor: Keil
                https://www.keil.com/pack/Keil.STM32F1xx_DFP.2.4.1.pack
                Keil::STM32F1xx_DFP@2.4.1
                STMicroelectronics STM32F1 Series Device Support, Drivers and Examples

<h2>Collection of Component include folders:</h2>
  ./RTE/_demo
  C:/Users/29866/AppData/Local/Arm/Packs/ARM/CMSIS/5.9.0/CMSIS/Core/Include
  C:/Users/29866/AppData/Local/Arm/Packs/Keil/STM32F1xx_DFP/2.4.1/Device/Include

<h2>Collection of Component Files used:</h2>

   * Component: ARM::CMSIS:CORE@5.6.0
      Include file:  CMSIS/Core/Include/tz_context.h
Build Time Elapsed:  00:00:06
</pre>
</body>
</html>
